[2026-01-05T07:28:46.332Z] [INFO] ============================================
[2026-01-05T07:28:46.332Z] [INFO]    MANUAL DAILY CALCULATION TEST           
[2026-01-05T07:28:46.332Z] [INFO] ============================================
[2026-01-05T07:28:46.332Z] [INFO] 
≡ƒöº Running daily calculation for ALL machines...
[2026-01-05T07:28:46.335Z] [INFO] Starting daily McRunHour calculation for 2026-01-04 (H-1 WIB)
[2026-01-05T07:28:46.801Z] [INFO] Processing 2 machines
[2026-01-05T07:28:46.804Z] [DEBUG] Calculating stats for machine 2 on 2026-01-04 (WIB)
[2026-01-05T07:28:46.804Z] [DEBUG]   Query range: 2026-01-03T17:00:00.000Z to 2026-01-04T16:59:59.999Z
[2026-01-05T07:28:46.860Z] [WARN] No condition data found for machine 2 on 2026-01-04 (WIB)
[2026-01-05T07:28:46.916Z] [INFO]   ΓåÆ KWH full: 0.00 (is_one_block=true, only this machine)
[2026-01-05T07:28:46.964Z] [INFO] Γ£ô Updated McRunHour for machine 2 on 2026-01-04 (Total: 0.00h, 0.00 kWh)
[2026-01-05T07:28:46.964Z] [DEBUG] Calculating stats for machine 4 on 2026-01-04 (WIB)
[2026-01-05T07:28:46.964Z] [DEBUG]   Query range: 2026-01-03T17:00:00.000Z to 2026-01-04T16:59:59.999Z
[2026-01-05T07:28:46.975Z] [WARN] No condition data found for machine 4 on 2026-01-04 (WIB)
[2026-01-05T07:28:47.013Z] [INFO]   ΓåÆ KWH full: 0.00 (is_one_block=true, only this machine)
[2026-01-05T07:28:47.032Z] [INFO] Γ£ô Updated McRunHour for machine 4 on 2026-01-04 (Total: 0.00h, 0.00 kWh)
[2026-01-05T07:28:47.032Z] [INFO] Γ£ô Daily McRunHour calculation complete for 2 machines
[2026-01-05T07:28:47.032Z] [INFO] 
Γ£à Daily calculation complete!
[2026-01-05T07:28:47.032Z] [INFO] Check tbl_mc_run_hour for results.
